Microchip MPLAB XC8 Compiler V2.31

Linker command line:

-W-3 --edf=/opt/microchip/xc8/v2.31/pic/dat/en_msgs.txt -cn \
  -h+dist/default/production/900_1296_Beacon_CW_ID.X.production.sym \
  --cmf=dist/default/production/900_1296_Beacon_CW_ID.X.production.cmf -z \
  -Q12F683 -o/tmp/xcXpHJnKd --defsym=__MPLAB_BUILD=1 \
  -Mdist/default/production/900_1296_Beacon_CW_ID.X.production.map -E1 \
  -ver=XC8 Compiler --acfsm=1493 -ASTACK=050h-06Fh -pstack=STACK \
  -ACODE=00h-07FFh -ASTRCODE=00h-07FFh -ASTRING=00h-0FFhx8 \
  -ACONST=00h-0FFhx8 -AENTRY=00h-0FFhx8 -ACOMMON=070h-07Fh \
  -ABANK0=020h-06Fh -ABANK1=0A0h-0BFh -ARAM=020h-06Fh,0A0h-0BFh \
  -AABS1=020h-07Fh,0A0h-0BFh -ASFR0=00h-01Fh -ASFR1=080h-09Fh \
  -ACONFIG=02007h-02007h -DCONFIG=2 -AIDLOC=02000h-02003h -DIDLOC=2 \
  -AEEDATA=00h-0FFh/02100h -peeprom_data=EEDATA -DEEDATA=2 -DCODE=2 \
  -DSTRCODE=2 -DSTRING=2 -DCONST=2 -DENTRY=2 \
  -preset_vec=00h,intentry,init,end_init -ppowerup=CODE -pcinit=CODE \
  -pfunctab=ENTRY -k /tmp/xcXiNCkom.o \
  dist/default/production/900_1296_Beacon_CW_ID.X.production.o 

Object code version is 3.11

Machine type is 12F683



                Name                               Link     Load   Length Selector   Space Scale
/tmp/xcXiNCkom.o
                end_init                              0        0        1        0       0
                config                             2007     2007        1        0       4
dist/default/production/900_1296_Beacon_CW_ID.X.production.o
                cinit                               7F3      7F3        D      FE6       0
                config                             2007     2007        1        0       4
                text9                               684      684        3      D08       0
                text8                               687      687        3      D0E       0
                text7                               6F0      6F0       25      DE0       0
                text6                               6B5      6B5       19      D6A       0
                text5                               73B      73B       29      E76       0
                text4                               6CE      6CE       22      D9C       0
                text3                               78D      78D       66      F1A       0
                text2                               69D      69D       18      D3A       0
                text1                               764      764       29      EC8       0
                maintext                            68A      68A        4      D14       0
                cstackBANK0                          46       46        9       20       1
                cstackCOMMON                         70       70        E       70       1
                inittext                            68E      68E        F      D1C       0
                dataBANK0                            20       20       26       20       1
                bssBANK0                             4F       4F        1       20       1
                strings                               1        1       7D        2       0
                idataBANK0                          715      715       26      E2A       0

TOTAL           Name                               Link     Load   Length     Space
        CLASS   STACK          

        CLASS   CODE           
                end_init                              0        0        1         0
                cinit                               7F3      7F3        D         0
                text9                               684      684        3         0
                text8                               687      687        3         0
                text7                               6F0      6F0       25         0
                text6                               6B5      6B5       19         0
                text5                               73B      73B       29         0
                text4                               6CE      6CE       22         0
                text3                               78D      78D       66         0
                text2                               69D      69D       18         0
                text1                               764      764       29         0
                maintext                            68A      68A        4         0
                inittext                            68E      68E        F         0
                idataBANK0                          715      715       26         0

        CLASS   STRCODE        

        CLASS   STRING         
                strings                               1        1       7D         0

        CLASS   CONST          

        CLASS   ENTRY          

        CLASS   COMMON         
                cstackCOMMON                         70       70        E         1

        CLASS   BANK0          
                cstackBANK0                          46       46        9         1
                dataBANK0                            20       20       26         1
                bssBANK0                             4F       4F        1         1

        CLASS   BANK1          

        CLASS   RAM            

        CLASS   ABS1           
                abs_s1                               7E       7E        2         1

        CLASS   SFR0           

        CLASS   SFR1           

        CLASS   CONFIG         
                config                             2007     2007        1         4

        CLASS   IDLOC          

        CLASS   EEDATA         



SEGMENTS        Name                           Load    Length   Top    Selector   Space  Class     Delta

                text4                          0006CE  000022  0006F0       D9C       0  CODE        2
                inittext                       00068E  00000F  00069D       D1C       0  CODE        2
                text2                          00069D  000018  0006B5       D3A       0  CODE        2
                text6                          0006B5  000019  0006CE       D6A       0  CODE        2
                text7                          0006F0  000025  000715       DE0       0  CODE        2
                reset_vec                      000000  000001  000001         0       0  CODE        2
                idataBANK0                     000715  000026  00073B       E2A       0  CODE        2
                text8                          000687  000003  00068A       D0E       0  CODE        2
                text9                          000684  000003  000687       D08       0  CODE        2
                maintext                       00068A  000004  00068E       D14       0  CODE        2
                dataBANK0                      000020  000030  000050        20       1  BANK0       1
                cinit                          0007F3  00000D  000800       FE6       0  CODE        2
                cstackCOMMON                   000070  00000E  00007E        70       1  COMMON      1
                text1                          000764  000029  00078D       EC8       0  CODE        2
                text5                          00073B  000029  000764       E76       0  CODE        2
                strings                        000001  00007D  00007E         2       0  STRING      2
                text3                          00078D  000066  0007F3       F1A       0  CODE        2


UNUSED ADDRESS RANGES

        Name                Unused          Largest block    Delta
        BANK0            0050-006F             20           1
        BANK1            00A0-00BF             20           1
        CODE             007E-0683            606           2
        CONST            007E-0683            100           2
        EEDATA           2100-21FF            100           2
        ENTRY            007E-0683            100           2
        IDLOC            2000-2003              4           2
        RAM              0050-006F             20           1
                         00A0-00BF             20
        SFR0             0000-001F             20           1
        SFR1             0080-009F             20           1
        STACK            0050-006F             20           1
        STRCODE          007E-0683            606           2
        STRING           007E-0683            100           2

                                  Symbol Table

?___wmul                 cstackCOMMON 0070
SendCharacter@Character  cstackBANK0  004A
SendCharacter@ditdelay   cstackBANK0  0046
SendCharacter@i          cstackBANK0  0049
SendDitDah@DitDah_data   cstackCOMMON 007D
SendDitDah@ditdelay      cstackCOMMON 007B
Send_CW_Mess@TxCharacter cstackBANK0  004E
Send_CW_Mess@ditdelay    cstackBANK0  004B
_ADCON0                  (abs)        001F
_ANSEL                   (abs)        009F
_CCP1CON                 (abs)        0015
_CMCON0                  (abs)        0019
_CMCON1                  (abs)        001A
_GP4                     (abs)        002C
_GPIO                    (abs)        0005
_IOC                     (abs)        0096
_KeyDown                 text9        0684
_KeyUp                   text8        0687
_MorseCode               dataBANK0    0020
_Numbers                 dataBANK0    003A
_OPTION_REG              (abs)        0081
_OSCCON                  (abs)        008F
_PIE1                    (abs)        008C
_PIR1                    (abs)        000C
_SendCharacter           text4        06CE
_SendDitDah              text5        073B
_Send_CW_Mess            text3        078D
_Send_ID_Cycle           text2        069D
_T1CON                   (abs)        0010
_T2CON                   (abs)        0012
_TRISIO                  (abs)        0085
_TxStr_pos               bssBANK0     004F
_Tx_String               strings      0007
_VRCON                   (abs)        0099
_WDTCON                  (abs)        0018
_WPU                     (abs)        0095
__Habs1                  abs1         0000
__Hbank0                 bank0        0000
__Hbank1                 bank1        0000
__HbssBANK0              bssBANK0     0000
__Hcinit                 cinit        0800
__Hclrtext               clrtext      0000
__Hcode                  code         0000
__Hcommon                common       0000
__Hconfig                config       2008
__HcstackBANK0           cstackBANK0  0000
__HcstackCOMMON          cstackCOMMON 0000
__HdataBANK0             dataBANK0    0000
__Heeprom_data           eeprom_data  0000
__Hend_init              end_init     0001
__Hfunctab               functab      0000
__HidataBANK0            idataBANK0   0000
__Hinit                  init         0000
__Hinittext              inittext     0000
__Hintentry              intentry     0000
__Hmaintext              maintext     0000
__Hpowerup               powerup      0000
__Hram                   ram          0000
__Hreset_vec             reset_vec    0000
__Hsfr0                  sfr0         0000
__Hsfr1                  sfr1         0000
__Hspace_0               (abs)        0800
__Hspace_1               (abs)        007E
__Hspace_2               (abs)        0000
__Hspace_3               (abs)        0000
__Hspace_4               (abs)        400F
__Hstack                 stack        0000
__Hstrings               strings      0000
__Htext                  text         0000
__Labs1                  abs1         0000
__Lbank0                 bank0        0000
__Lbank1                 bank1        0000
__LbssBANK0              bssBANK0     0000
__Lcinit                 cinit        07F3
__Lclrtext               clrtext      0000
__Lcode                  code         0000
__Lcommon                common       0000
__Lconfig                config       0000
__LcstackBANK0           cstackBANK0  0000
__LcstackCOMMON          cstackCOMMON 0000
__LdataBANK0             dataBANK0    0000
__Leeprom_data           eeprom_data  0000
__Lend_init              end_init     0000
__Lfunctab               functab      0000
__LidataBANK0            idataBANK0   0000
__Linit                  init         0000
__Linittext              inittext     0000
__Lintentry              intentry     0000
__Lmaintext              maintext     0000
__Lpowerup               powerup      0000
__Lram                   ram          0000
__Lreset_vec             reset_vec    0000
__Lsfr0                  sfr0         0000
__Lsfr1                  sfr1         0000
__Lspace_0               (abs)        0000
__Lspace_1               (abs)        0000
__Lspace_2               (abs)        0000
__Lspace_3               (abs)        0000
__Lspace_4               (abs)        0000
__Lstack                 stack        0000
__Lstrings               strings      0000
__Ltext                  text         0000
__S0                     (abs)        0800
__S1                     (abs)        007E
__S2                     (abs)        0000
__S3                     (abs)        0000
___int_sp                stack        0000
___latbits               (abs)        0000
___sp                    stack        0000
___stackhi               (abs)        0000
___stacklo               (abs)        0000
___wmul                  text7        06F0
___wmul@multiplicand     cstackCOMMON 0072
___wmul@multiplier       cstackCOMMON 0070
___wmul@product          cstackCOMMON 0074
__end_of_KeyDown         text9        0687
__end_of_KeyUp           text8        068A
__end_of_SendCharacter   text4        06F0
__end_of_SendDitDah      text5        0764
__end_of_Send_CW_Mess    text3        07F3
__end_of_Send_ID_Cycle   text2        06B5
__end_of_Tx_String       strings      001E
__end_of___wmul          text7        0715
__end_of__initialization cinit        07FE
__end_of__stringtab      strings      0007
__end_of_delay_ms        text6        06CE
__end_of_main            maintext     068E
__end_of_setup           text1        078D
__initialization         cinit        07F3
__pbssBANK0              bssBANK0     004F
__pcstackBANK0           cstackBANK0  0046
__pcstackCOMMON          cstackCOMMON 0070
__pdataBANK0             dataBANK0    0020
__pidataBANK0            idataBANK0   0715
__pmaintext              maintext     068A
__pstrings               strings      0001
__ptext1                 text1        0764
__ptext2                 text2        069D
__ptext3                 text3        078D
__ptext4                 text4        06CE
__ptext5                 text5        073B
__ptext6                 text6        06B5
__ptext7                 text7        06F0
__ptext8                 text8        0687
__ptext9                 text9        0684
__size_of_KeyDown        (abs)        0000
__size_of_KeyUp          (abs)        0000
__size_of_SendCharacter  (abs)        0000
__size_of_SendDitDah     (abs)        0000
__size_of_Send_CW_Mess   (abs)        0000
__size_of_Send_ID_Cycle  (abs)        0000
__size_of___wmul         (abs)        0000
__size_of_delay_ms       (abs)        0000
__size_of_main           (abs)        0000
__size_of_setup          (abs)        0000
__stringbase             strings      0006
__stringtab              strings      0001
_delay_ms                text6        06B5
_main                    maintext     068A
_setup                   text1        0764
btemp                    (abs)        007E
delay_ms@delay           cstackCOMMON 0076
delay_ms@i               cstackCOMMON 0079
end_of_initialization    cinit        07FE
init_fetch0              inittext     068E
init_ram0                inittext     0692
intlevel0                functab      0000
intlevel1                functab      0000
intlevel2                functab      0000
intlevel3                functab      0000
intlevel4                functab      0000
intlevel5                functab      0000
reset_vec                reset_vec    0000
start                    init         0000
start_initialization     cinit        07F3
wtemp0                   (abs)        007E


FUNCTION INFORMATION:

 *************** function _main *****************
 Defined at:
		line 209 in file "main.c"
 Parameters:    Size  Location     Type
		None
 Auto vars:     Size  Location     Type
		None
 Return value:  Size  Location     Type
                  1    wreg      void 
 Registers used:
		wreg, fsr0l, fsr0h, status,2, status,0, pclath, cstack
 Tracked objects:
		On entry : 
		On exit  : 
		Unchanged: 
 Data sizes:     COMMON   BANK0   BANK1
      Params:         0       0       0
      Locals:         0       0       0
      Temps:          0       0       0
      Totals:         0       0       0
Total ram usage:        0 bytes
 Hardware stack levels required when called:    5
 This function calls:
		_Send_ID_Cycle
		_setup
 This function is called by:
		Startup code after reset
 This function uses a non-reentrant model


 *************** function _setup *****************
 Defined at:
		line 165 in file "main.c"
 Parameters:    Size  Location     Type
		None
 Auto vars:     Size  Location     Type
		None
 Return value:  Size  Location     Type
                  1    wreg      void 
 Registers used:
		wreg, status,2, status,0, pclath, cstack
 Tracked objects:
		On entry : 
		On exit  : 
		Unchanged: 
 Data sizes:     COMMON   BANK0   BANK1
      Params:         0       0       0
      Locals:         0       0       0
      Temps:          0       0       0
      Totals:         0       0       0
Total ram usage:        0 bytes
 Hardware stack levels used:    1
 Hardware stack levels required when called:    1
 This function calls:
		_delay_ms
 This function is called by:
		_main
 This function uses a non-reentrant model


 *************** function _Send_ID_Cycle *****************
 Defined at:
		line 196 in file "main.c"
 Parameters:    Size  Location     Type
		None
 Auto vars:     Size  Location     Type
		None
 Return value:  Size  Location     Type
                  1    wreg      void 
 Registers used:
		wreg, fsr0l, fsr0h, status,2, status,0, pclath, cstack
 Tracked objects:
		On entry : 
		On exit  : 
		Unchanged: 
 Data sizes:     COMMON   BANK0   BANK1
      Params:         0       0       0
      Locals:         0       0       0
      Temps:          0       0       0
      Totals:         0       0       0
Total ram usage:        0 bytes
 Hardware stack levels used:    1
 Hardware stack levels required when called:    4
 This function calls:
		_KeyDown
		_KeyUp
		_Send_CW_Mess
		_delay_ms
 This function is called by:
		_main
 This function uses a non-reentrant model


 *************** function _Send_CW_Mess *****************
 Defined at:
		line 132 in file "main.c"
 Parameters:    Size  Location     Type
  ditdelay        2    5[BANK0 ] unsigned int 
 Auto vars:     Size  Location     Type
  TxCharacter     1    8[BANK0 ] unsigned char 
 Return value:  Size  Location     Type
                  1    wreg      void 
 Registers used:
		wreg, fsr0l, fsr0h, status,2, status,0, pclath, cstack
 Tracked objects:
		On entry : 
		On exit  : 
		Unchanged: 
 Data sizes:     COMMON   BANK0   BANK1
      Params:         0       2       0
      Locals:         0       1       0
      Temps:          0       1       0
      Totals:         0       4       0
Total ram usage:        4 bytes
 Hardware stack levels used:    1
 Hardware stack levels required when called:    3
 This function calls:
		_SendCharacter
		___wmul
		_delay_ms
 This function is called by:
		_Send_ID_Cycle
 This function uses a non-reentrant model


 *************** function _SendCharacter *****************
 Defined at:
		line 120 in file "main.c"
 Parameters:    Size  Location     Type
  Character       1    wreg     PTR unsigned char 
		 -> STR_37(6), STR_36(6), STR_35(6), STR_34(6), 
		 -> STR_33(6), STR_32(6), STR_31(6), STR_30(6), 
		 -> STR_29(6), STR_28(6), STR_27(6), STR_26(5), 
		 -> STR_25(5), STR_24(5), STR_23(4), STR_22(5), 
		 -> STR_21(4), STR_20(2), STR_19(4), STR_18(4), 
		 -> STR_17(5), STR_16(5), STR_15(4), STR_14(3), 
		 -> STR_13(3), STR_12(5), STR_11(4), STR_10(5), 
		 -> STR_9(3), STR_8(5), STR_7(4), STR_6(5), 
		 -> STR_5(2), STR_4(4), STR_3(5), STR_2(5), 
		 -> STR_1(3), 
  ditdelay        2    0[BANK0 ] unsigned int 
 Auto vars:     Size  Location     Type
  Character       1    4[BANK0 ] PTR unsigned char 
		 -> STR_37(6), STR_36(6), STR_35(6), STR_34(6), 
		 -> STR_33(6), STR_32(6), STR_31(6), STR_30(6), 
		 -> STR_29(6), STR_28(6), STR_27(6), STR_26(5), 
		 -> STR_25(5), STR_24(5), STR_23(4), STR_22(5), 
		 -> STR_21(4), STR_20(2), STR_19(4), STR_18(4), 
		 -> STR_17(5), STR_16(5), STR_15(4), STR_14(3), 
		 -> STR_13(3), STR_12(5), STR_11(4), STR_10(5), 
		 -> STR_9(3), STR_8(5), STR_7(4), STR_6(5), 
		 -> STR_5(2), STR_4(4), STR_3(5), STR_2(5), 
		 -> STR_1(3), 
  i               1    3[BANK0 ] unsigned char 
 Return value:  Size  Location     Type
                  1    wreg      void 
 Registers used:
		wreg, fsr0l, fsr0h, status,2, status,0, pclath, cstack
 Tracked objects:
		On entry : 
		On exit  : 
		Unchanged: 
 Data sizes:     COMMON   BANK0   BANK1
      Params:         0       2       0
      Locals:         0       2       0
      Temps:          0       1       0
      Totals:         0       5       0
Total ram usage:        5 bytes
 Hardware stack levels used:    1
 Hardware stack levels required when called:    2
 This function calls:
		_SendDitDah
		_delay_ms
 This function is called by:
		_Send_CW_Mess
 This function uses a non-reentrant model


 *************** function _SendDitDah *****************
 Defined at:
		line 110 in file "main.c"
 Parameters:    Size  Location     Type
  DitDah_data     1    wreg     unsigned char 
  ditdelay        2   11[COMMON] unsigned int 
 Auto vars:     Size  Location     Type
  DitDah_data     1   13[COMMON] unsigned char 
 Return value:  Size  Location     Type
                  1    wreg      void 
 Registers used:
		wreg, status,2, status,0, pclath, cstack
 Tracked objects:
		On entry : 
		On exit  : 
		Unchanged: 
 Data sizes:     COMMON   BANK0   BANK1
      Params:         2       0       0
      Locals:         1       0       0
      Temps:          0       0       0
      Totals:         3       0       0
Total ram usage:        3 bytes
 Hardware stack levels used:    1
 Hardware stack levels required when called:    1
 This function calls:
		_KeyDown
		_KeyUp
		___wmul
		_delay_ms
 This function is called by:
		_SendCharacter
 This function uses a non-reentrant model


 *************** function _delay_ms *****************
 Defined at:
		line 92 in file "main.c"
 Parameters:    Size  Location     Type
  delay           2    6[COMMON] unsigned int 
 Auto vars:     Size  Location     Type
  i               2    9[COMMON] unsigned int 
 Return value:  Size  Location     Type
                  1    wreg      void 
 Registers used:
		wreg, status,2
 Tracked objects:
		On entry : 
		On exit  : 
		Unchanged: 
 Data sizes:     COMMON   BANK0   BANK1
      Params:         2       0       0
      Locals:         2       0       0
      Temps:          1       0       0
      Totals:         5       0       0
Total ram usage:        5 bytes
 Hardware stack levels used:    1
 This function calls:
		Nothing
 This function is called by:
		_SendDitDah
		_SendCharacter
		_Send_CW_Mess
		_setup
		_Send_ID_Cycle
 This function uses a non-reentrant model


 *************** function ___wmul *****************
 Defined at:
		line 15 in file "/opt/microchip/xc8/v2.31/pic/sources/c90/common/Umul16.c"
 Parameters:    Size  Location     Type
  multiplier      2    0[COMMON] unsigned int 
  multiplicand    2    2[COMMON] unsigned int 
 Auto vars:     Size  Location     Type
  product         2    4[COMMON] unsigned int 
 Return value:  Size  Location     Type
                  2    0[COMMON] unsigned int 
 Registers used:
		wreg, status,2, status,0
 Tracked objects:
		On entry : 
		On exit  : 
		Unchanged: 
 Data sizes:     COMMON   BANK0   BANK1
      Params:         4       0       0
      Locals:         2       0       0
      Temps:          0       0       0
      Totals:         6       0       0
Total ram usage:        6 bytes
 Hardware stack levels used:    1
 This function calls:
		Nothing
 This function is called by:
		_SendDitDah
		_Send_CW_Mess
 This function uses a non-reentrant model


 *************** function _KeyUp *****************
 Defined at:
		line 104 in file "main.c"
 Parameters:    Size  Location     Type
		None
 Auto vars:     Size  Location     Type
		None
 Return value:  Size  Location     Type
                  1    wreg      void 
 Registers used:
		None
 Tracked objects:
		On entry : 
		On exit  : 
		Unchanged: 
 Data sizes:     COMMON   BANK0   BANK1
      Params:         0       0       0
      Locals:         0       0       0
      Temps:          0       0       0
      Totals:         0       0       0
Total ram usage:        0 bytes
 Hardware stack levels used:    1
 This function calls:
		Nothing
 This function is called by:
		_SendDitDah
		_Send_ID_Cycle
 This function uses a non-reentrant model


 *************** function _KeyDown *****************
 Defined at:
		line 98 in file "main.c"
 Parameters:    Size  Location     Type
		None
 Auto vars:     Size  Location     Type
		None
 Return value:  Size  Location     Type
                  1    wreg      void 
 Registers used:
		None
 Tracked objects:
		On entry : 
		On exit  : 
		Unchanged: 
 Data sizes:     COMMON   BANK0   BANK1
      Params:         0       0       0
      Locals:         0       0       0
      Temps:          0       0       0
      Totals:         0       0       0
Total ram usage:        0 bytes
 Hardware stack levels used:    1
 This function calls:
		Nothing
 This function is called by:
		_SendDitDah
		_Send_ID_Cycle
 This function uses a non-reentrant model



MODULE INFORMATION

Module		Function		Class		Link	Load	Size
shared
		__stringtab    		STRING         	0001	0000	6
		_Tx_String     		STRING         	0007	0000	23
		__initialization		CODE           	07F3	0000	11

shared estimated size: 40

/opt/microchip/xc8/v2.31/pic/sources/c90/common/Umul16.c
		___wmul        		CODE           	06F0	0000	37

/opt/microchip/xc8/v2.31/pic/sources/c90/common/Umul16.c estimated size: 37

main.c
		_SendDitDah    		CODE           	073B	0000	41
		_main          		CODE           	068A	0000	4
		_SendCharacter 		CODE           	06CE	0000	34
		_Send_CW_Mess  		CODE           	078D	0000	102
		_delay_ms      		CODE           	06B5	0000	25
		_setup         		CODE           	0764	0000	41
		_KeyDown       		CODE           	0684	0000	3
		_KeyUp         		CODE           	0687	0000	3
		_Send_ID_Cycle 		CODE           	069D	0000	24

main.c estimated size: 277

